{
    "Kidney - EPISEGMIX_LDMREPORT": {
        "content": [
            {
                "0": [
                    [
                        "kidney_P0_2",
                        [
                            {
                                "id": "kidney_P0",
                                "replicate": 1,
                                "epigenetic_mark": "H3K4me3",
                                "modality": "ChIP-seq",
                                "paired_end": false,
                                "distribution": "NBI"
                            }
                        ],
                        "kidney_P0.tab:md5,99561c64fc55eb98fe257187ac41a968",
                        {
                            "id": "no_bed_counts"
                        },
                        [
                            
                        ],
                        2,
                        "kidney_P0_2.yaml:md5,5844b6788c271f79f8dcfb699a1e65b3",
                        "kidney_P0_2-train-counts.txt:md5,3e15c635e915fbb878a9d65384d08d89",
                        "kidney_P0_2-train-regions.txt:md5,897316929176464ebc9ad085f31e7284",
                        "kidney_P0_2-train-counts-meth.txt:md5,d41d8cd98f00b204e9800998ecf8427e",
                        "final-model-kidney_P0_2.json:md5,071b943d42d64dad4d5774ec52b8eac6",
                        [
                            "kidney_P0.tab:md5,85833a4dbaac178e75685e86ae329f7e",
                            "viterbi_kidney_P0.bed.gz:md5,f44a1f9db21603b560010dea051dec29"
                        ],
                        [
                            "kidney_P0_2-correlation.png:md5,c44a0a0eaa1bc1b83ea8deb2a4ef825d",
                            "kidney_P0_2-histogram.png:md5,eede33276852b7b6809af1a7174d872f",
                            "kidney_P0_2-meanEmission.png:md5,715a0a8bef312ee0c7be2e305ca60bf4",
                            "kidney_P0_2-normEmission.png:md5,6e3c0f5f20ef51cccc0f35433f75c99b",
                            "kidney_P0_2-state-colors.png:md5,9e8d8ddd97ab92b299a0ea7588d5b293",
                            "kidney_P0_2-stateDistribution.png:md5,754da06a12bccb6c40c1e9c34cfcd984",
                            "kidney_P0_2-stateLength.png:md5,2ba335846325eef27f1a22f836d7050b",
                            "kidney_P0_2-stateMembership.png:md5,28ba111cd710d325b4209e54e699b1b8",
                            "kidney_P0_2-statelengthDistribution.png:md5,d59e7f7be46dbb22215cf2cdedcbdbff",
                            "kidney_P0_2-transitionMatrix.png:md5,96d182a077a60aedf86373d8f5fc4ad5",
                            "kidney_P0_2.html:md5,b9625859b478dfc48e7a138db8ee1a1d"
                        ]
                    ]
                ],
                "1": [
                    [
                        "EPISEGMIX_LDMREPORT",
                        "episegmix",
                        "episegmix 1.0.0"
                    ]
                ],
                "Segmentation": [
                    [
                        "kidney_P0_2",
                        [
                            {
                                "id": "kidney_P0",
                                "replicate": 1,
                                "epigenetic_mark": "H3K4me3",
                                "modality": "ChIP-seq",
                                "paired_end": false,
                                "distribution": "NBI"
                            }
                        ],
                        "kidney_P0.tab:md5,99561c64fc55eb98fe257187ac41a968",
                        {
                            "id": "no_bed_counts"
                        },
                        [
                            
                        ],
                        2,
                        "kidney_P0_2.yaml:md5,5844b6788c271f79f8dcfb699a1e65b3",
                        "kidney_P0_2-train-counts.txt:md5,3e15c635e915fbb878a9d65384d08d89",
                        "kidney_P0_2-train-regions.txt:md5,897316929176464ebc9ad085f31e7284",
                        "kidney_P0_2-train-counts-meth.txt:md5,d41d8cd98f00b204e9800998ecf8427e",
                        "final-model-kidney_P0_2.json:md5,071b943d42d64dad4d5774ec52b8eac6",
                        [
                            "kidney_P0.tab:md5,85833a4dbaac178e75685e86ae329f7e",
                            "viterbi_kidney_P0.bed.gz:md5,f44a1f9db21603b560010dea051dec29"
                        ],
                        [
                            "kidney_P0_2-correlation.png:md5,c44a0a0eaa1bc1b83ea8deb2a4ef825d",
                            "kidney_P0_2-histogram.png:md5,eede33276852b7b6809af1a7174d872f",
                            "kidney_P0_2-meanEmission.png:md5,715a0a8bef312ee0c7be2e305ca60bf4",
                            "kidney_P0_2-normEmission.png:md5,6e3c0f5f20ef51cccc0f35433f75c99b",
                            "kidney_P0_2-state-colors.png:md5,9e8d8ddd97ab92b299a0ea7588d5b293",
                            "kidney_P0_2-stateDistribution.png:md5,754da06a12bccb6c40c1e9c34cfcd984",
                            "kidney_P0_2-stateLength.png:md5,2ba335846325eef27f1a22f836d7050b",
                            "kidney_P0_2-stateMembership.png:md5,28ba111cd710d325b4209e54e699b1b8",
                            "kidney_P0_2-statelengthDistribution.png:md5,d59e7f7be46dbb22215cf2cdedcbdbff",
                            "kidney_P0_2-transitionMatrix.png:md5,96d182a077a60aedf86373d8f5fc4ad5",
                            "kidney_P0_2.html:md5,b9625859b478dfc48e7a138db8ee1a1d"
                        ]
                    ]
                ],
                "versions_episegmix": [
                    [
                        "EPISEGMIX_LDMREPORT",
                        "episegmix",
                        "episegmix 1.0.0"
                    ]
                ]
            },
            {
                "versions_episegmix": [
                    [
                        "EPISEGMIX_LDMREPORT",
                        "episegmix",
                        "episegmix 1.0.0"
                    ]
                ]
            }
        ],
        "timestamp": "2026-07-26T14:36:45.570677",
        "meta": {
            "nf-test": "0.9.5",
            "nextflow": "26.04.6"
        }
    },
    "GM12878 - EPISEGMIX_LDMREPORT - stub": {
        "content": [
            {
                "0": [
                    [
                        "GM12878_2",
                        [
                            {
                                "id": "GM12878",
                                "replicate": 1,
                                "epigenetic_mark": "H3K4me3",
                                "modality": "ChIP-seq",
                                "paired_end": false,
                                "distribution": "NBI"
                            }
                        ],
                        "GM12878.tab:md5,faa2e2a55129297d7896b28ed60df915",
                        {
                            "id": "GM12878",
                            "epigenetic_mark": "WGBS",
                            "distribution": "BB"
                        },
                        "GM12878_meth.tab:md5,87cecc5e3b5912e8bdcbc137bf623ae5",
                        2,
                        "GM12878_2.yaml:md5,2e2a357f616d0dfd8e21a439a0aadbdf",
                        "GM12878_2-train-counts.txt:md5,3d8f88e55c7317dd5d51d7d37cfb29e7",
                        "GM12878_2-train-regions.txt:md5,897316929176464ebc9ad085f31e7284",
                        "GM12878_2-train-counts-meth.txt:md5,61ad859da25ab9f1fa3d19c612e978b4",
                        "final-model-GM12878_2.json:md5,bf090d9309ace60b84441cfe78dbfb81",
                        [
                            "GM12878.tab:md5,5f2c4b503c0924a13c87b245128248dc",
                            "viterbi_GM12878.bed.gz:md5,71af1723535840be27100b12050ff19a"
                        ],
                        "dummy.txt:md5,d41d8cd98f00b204e9800998ecf8427e"
                    ]
                ],
                "1": [
                    [
                        "EPISEGMIX_LDMREPORT",
                        "episegmix",
                        "episegmix 1.0.0"
                    ]
                ],
                "Segmentation": [
                    [
                        "GM12878_2",
                        [
                            {
                                "id": "GM12878",
                                "replicate": 1,
                                "epigenetic_mark": "H3K4me3",
                                "modality": "ChIP-seq",
                                "paired_end": false,
                                "distribution": "NBI"
                            }
                        ],
                        "GM12878.tab:md5,faa2e2a55129297d7896b28ed60df915",
                        {
                            "id": "GM12878",
                            "epigenetic_mark": "WGBS",
                            "distribution": "BB"
                        },
                        "GM12878_meth.tab:md5,87cecc5e3b5912e8bdcbc137bf623ae5",
                        2,
                        "GM12878_2.yaml:md5,2e2a357f616d0dfd8e21a439a0aadbdf",
                        "GM12878_2-train-counts.txt:md5,3d8f88e55c7317dd5d51d7d37cfb29e7",
                        "GM12878_2-train-regions.txt:md5,897316929176464ebc9ad085f31e7284",
                        "GM12878_2-train-counts-meth.txt:md5,61ad859da25ab9f1fa3d19c612e978b4",
                        "final-model-GM12878_2.json:md5,bf090d9309ace60b84441cfe78dbfb81",
                        [
                            "GM12878.tab:md5,5f2c4b503c0924a13c87b245128248dc",
                            "viterbi_GM12878.bed.gz:md5,71af1723535840be27100b12050ff19a"
                        ],
                        "dummy.txt:md5,d41d8cd98f00b204e9800998ecf8427e"
                    ]
                ],
                "versions_episegmix": [
                    [
                        "EPISEGMIX_LDMREPORT",
                        "episegmix",
                        "episegmix 1.0.0"
                    ]
                ]
            }
        ],
        "timestamp": "2026-10-02T13:53:14.490763772",
        "meta": {
            "nf-test": "0.9.5",
            "nextflow": "25.04.7"
        }
    },
    "GM12878 - EPISEGMIX_LDMREPORT": {
        "content": [
            {
                "0": [
                    [
                        "GM12878_2",
                        [
                            {
                                "id": "GM12878",
                                "replicate": 1,
                                "epigenetic_mark": "H3K4me3",
                                "modality": "ChIP-seq",
                                "paired_end": false,
                                "distribution": "NBI"
                            }
                        ],
                        "GM12878.tab:md5,faa2e2a55129297d7896b28ed60df915",
                        {
                            "id": "GM12878",
                            "epigenetic_mark": "WGBS",
                            "distribution": "BB"
                        },
                        "GM12878_meth.tab:md5,87cecc5e3b5912e8bdcbc137bf623ae5",
                        2,
                        "GM12878_2.yaml:md5,2e2a357f616d0dfd8e21a439a0aadbdf",
                        "GM12878_2-train-counts.txt:md5,3d8f88e55c7317dd5d51d7d37cfb29e7",
                        "GM12878_2-train-regions.txt:md5,897316929176464ebc9ad085f31e7284",
                        "GM12878_2-train-counts-meth.txt:md5,61ad859da25ab9f1fa3d19c612e978b4",
                        "final-model-GM12878_2.json:md5,bf090d9309ace60b84441cfe78dbfb81",
                        [
                            "GM12878.tab:md5,5f2c4b503c0924a13c87b245128248dc",
                            "viterbi_GM12878.bed.gz:md5,71af1723535840be27100b12050ff19a"
                        ],
                        [
                            "GM12878-meanEmission.png:md5,238490d6882644ce58f072fa53d50ebf",
                            "GM12878-normEmission.png:md5,95ee2284774829ed84a1ae05b7ef5af3",
                            "GM12878-state-colors.png:md5,9e8d8ddd97ab92b299a0ea7588d5b293",
                            "GM12878-stateDistribution.png:md5,c0433961badd5103e4494d53fb69bf16",
                            "GM12878-stateLength.png:md5,ffa903a3ec9f1f6e7abe1c3f803e1721",
                            "GM12878-stateMembership.png:md5,7878016d778f69d6622e5ae4200e48ee",
                            "GM12878-statelengthDistribution.png:md5,9176494d298cf91cb87f954554ce1ef3",
                            "GM12878-transitionMatrix.png:md5,9487ec4e50cd1c40a07972829f8d4c1e",
                            "GM12878_2-correlation.png:md5,bef77b16ad31a0dd1265a3d0f2c8099b",
                            "GM12878_2-histogram.png:md5,e94f59fd68408756b2aef8184e6ac9ee",
                            "GM12878_report.md:md5,ca26ca844e9d4e2ff7d76b66e2b89b20"
                        ]
                    ]
                ],
                "1": [
                    [
                        "EPISEGMIX_LDMREPORT",
                        "episegmix",
                        "episegmix 1.0.0"
                    ]
                ],
                "Segmentation": [
                    [
                        "GM12878_2",
                        [
                            {
                                "id": "GM12878",
                                "replicate": 1,
                                "epigenetic_mark": "H3K4me3",
                                "modality": "ChIP-seq",
                                "paired_end": false,
                                "distribution": "NBI"
                            }
                        ],
                        "GM12878.tab:md5,faa2e2a55129297d7896b28ed60df915",
                        {
                            "id": "GM12878",
                            "epigenetic_mark": "WGBS",
                            "distribution": "BB"
                        },
                        "GM12878_meth.tab:md5,87cecc5e3b5912e8bdcbc137bf623ae5",
                        2,
                        "GM12878_2.yaml:md5,2e2a357f616d0dfd8e21a439a0aadbdf",
                        "GM12878_2-train-counts.txt:md5,3d8f88e55c7317dd5d51d7d37cfb29e7",
                        "GM12878_2-train-regions.txt:md5,897316929176464ebc9ad085f31e7284",
                        "GM12878_2-train-counts-meth.txt:md5,61ad859da25ab9f1fa3d19c612e978b4",
                        "final-model-GM12878_2.json:md5,bf090d9309ace60b84441cfe78dbfb81",
                        [
                            "GM12878.tab:md5,5f2c4b503c0924a13c87b245128248dc",
                            "viterbi_GM12878.bed.gz:md5,71af1723535840be27100b12050ff19a"
                        ],
                        [
                            "GM12878-meanEmission.png:md5,238490d6882644ce58f072fa53d50ebf",
                            "GM12878-normEmission.png:md5,95ee2284774829ed84a1ae05b7ef5af3",
                            "GM12878-state-colors.png:md5,9e8d8ddd97ab92b299a0ea7588d5b293",
                            "GM12878-stateDistribution.png:md5,c0433961badd5103e4494d53fb69bf16",
                            "GM12878-stateLength.png:md5,ffa903a3ec9f1f6e7abe1c3f803e1721",
                            "GM12878-stateMembership.png:md5,7878016d778f69d6622e5ae4200e48ee",
                            "GM12878-statelengthDistribution.png:md5,9176494d298cf91cb87f954554ce1ef3",
                            "GM12878-transitionMatrix.png:md5,9487ec4e50cd1c40a07972829f8d4c1e",
                            "GM12878_2-correlation.png:md5,bef77b16ad31a0dd1265a3d0f2c8099b",
                            "GM12878_2-histogram.png:md5,e94f59fd68408756b2aef8184e6ac9ee",
                            "GM12878_report.md:md5,ca26ca844e9d4e2ff7d76b66e2b89b20"
                        ]
                    ]
                ],
                "versions_episegmix": [
                    [
                        "EPISEGMIX_LDMREPORT",
                        "episegmix",
                        "episegmix 1.0.0"
                    ]
                ]
            },
            {
                "versions_episegmix": [
                    [
                        "EPISEGMIX_LDMREPORT",
                        "episegmix",
                        "episegmix 1.0.0"
                    ]
                ]
            }
        ],
        "timestamp": "2026-10-02T13:52:59.891418787",
        "meta": {
            "nf-test": "0.9.5",
            "nextflow": "25.04.7"
        }
    },
    "Kidney - EPISEGMIX_LDMREPORT - stub": {
        "content": [
            {
                "0": [
                    [
                        "kidney_P0_2",
                        [
                            {
                                "id": "kidney_P0",
                                "replicate": 1,
                                "epigenetic_mark": "H3K4me3",
                                "modality": "ChIP-seq",
                                "paired_end": false,
                                "distribution": "NBI"
                            }
                        ],
                        "kidney_P0.tab:md5,99561c64fc55eb98fe257187ac41a968",
                        {
                            "id": "no_bed_counts"
                        },
                        [
                            
                        ],
                        2,
                        "kidney_P0_2.yaml:md5,5844b6788c271f79f8dcfb699a1e65b3",
                        "kidney_P0_2-train-counts.txt:md5,3e15c635e915fbb878a9d65384d08d89",
                        "kidney_P0_2-train-regions.txt:md5,897316929176464ebc9ad085f31e7284",
                        "kidney_P0_2-train-counts-meth.txt:md5,d41d8cd98f00b204e9800998ecf8427e",
                        "final-model-kidney_P0_2.json:md5,071b943d42d64dad4d5774ec52b8eac6",
                        [
                            "kidney_P0.tab:md5,85833a4dbaac178e75685e86ae329f7e",
                            "viterbi_kidney_P0.bed.gz:md5,f44a1f9db21603b560010dea051dec29"
                        ],
                        "dummy.txt:md5,d41d8cd98f00b204e9800998ecf8427e"
                    ]
                ],
                "1": [
                    [
                        "EPISEGMIX_LDMREPORT",
                        "episegmix",
                        "episegmix 1.0.0"
                    ]
                ],
                "Segmentation": [
                    [
                        "kidney_P0_2",
                        [
                            {
                                "id": "kidney_P0",
                                "replicate": 1,
                                "epigenetic_mark": "H3K4me3",
                                "modality": "ChIP-seq",
                                "paired_end": false,
                                "distribution": "NBI"
                            }
                        ],
                        "kidney_P0.tab:md5,99561c64fc55eb98fe257187ac41a968",
                        {
                            "id": "no_bed_counts"
                        },
                        [
                            
                        ],
                        2,
                        "kidney_P0_2.yaml:md5,5844b6788c271f79f8dcfb699a1e65b3",
                        "kidney_P0_2-train-counts.txt:md5,3e15c635e915fbb878a9d65384d08d89",
                        "kidney_P0_2-train-regions.txt:md5,897316929176464ebc9ad085f31e7284",
                        "kidney_P0_2-train-counts-meth.txt:md5,d41d8cd98f00b204e9800998ecf8427e",
                        "final-model-kidney_P0_2.json:md5,071b943d42d64dad4d5774ec52b8eac6",
                        [
                            "kidney_P0.tab:md5,85833a4dbaac178e75685e86ae329f7e",
                            "viterbi_kidney_P0.bed.gz:md5,f44a1f9db21603b560010dea051dec29"
                        ],
                        "dummy.txt:md5,d41d8cd98f00b204e9800998ecf8427e"
                    ]
                ],
                "versions_episegmix": [
                    [
                        "EPISEGMIX_LDMREPORT",
                        "episegmix",
                        "episegmix 1.0.0"
                    ]
                ]
            }
        ],
        "timestamp": "2026-07-26T14:39:37.445784",
        "meta": {
            "nf-test": "0.9.5",
            "nextflow": "26.04.6"
        }
    }
}