{
    "mm10 - SORTREF": {
        "content": [
            {
                "0": [
                    [
                        "hg38",
                        "filtered_hg38_chr12_chr13.chrom.sizes.v2.v2:md5,1bf8ffedfe7f9bb9d1a481c2a97ee03f"
                    ]
                ],
                "1": [
                    [
                        "CUSTOM_SORTREF",
                        "awk",
                        ""
                    ]
                ],
                "2": [
                    [
                        "CUSTOM_SORTREF",
                        "sort",
                        "sort (GNU coreutils) 8.32"
                    ]
                ],
                "filtered_chromsizes": [
                    [
                        "hg38",
                        "filtered_hg38_chr12_chr13.chrom.sizes.v2.v2:md5,1bf8ffedfe7f9bb9d1a481c2a97ee03f"
                    ]
                ],
                "versions_awk": [
                    [
                        "CUSTOM_SORTREF",
                        "awk",
                        ""
                    ]
                ],
                "versions_sort": [
                    [
                        "CUSTOM_SORTREF",
                        "sort",
                        "sort (GNU coreutils) 8.32"
                    ]
                ]
            },
            {
                "versions_awk": [
                    [
                        "CUSTOM_SORTREF",
                        "awk",
                        ""
                    ]
                ],
                "versions_sort": [
                    [
                        "CUSTOM_SORTREF",
                        "sort",
                        "sort (GNU coreutils) 8.32"
                    ]
                ]
            }
        ],
        "timestamp": "2026-10-02T13:41:16.567001669",
        "meta": {
            "nf-test": "0.9.5",
            "nextflow": "25.04.7"
        }
    },
    "mm10 - SORTREF - stub": {
        "content": [
            {
                "0": [
                    [
                        "hg38",
                        "filtered_hg38_chr12_chr13.chrom.sizes.v2.v2:md5,d41d8cd98f00b204e9800998ecf8427e"
                    ]
                ],
                "1": [
                    [
                        "CUSTOM_SORTREF",
                        "awk",
                        ""
                    ]
                ],
                "2": [
                    [
                        "CUSTOM_SORTREF",
                        "sort",
                        "sort (GNU coreutils) 8.32"
                    ]
                ],
                "filtered_chromsizes": [
                    [
                        "hg38",
                        "filtered_hg38_chr12_chr13.chrom.sizes.v2.v2:md5,d41d8cd98f00b204e9800998ecf8427e"
                    ]
                ],
                "versions_awk": [
                    [
                        "CUSTOM_SORTREF",
                        "awk",
                        ""
                    ]
                ],
                "versions_sort": [
                    [
                        "CUSTOM_SORTREF",
                        "sort",
                        "sort (GNU coreutils) 8.32"
                    ]
                ]
            }
        ],
        "timestamp": "2026-10-02T13:41:30.36980535",
        "meta": {
            "nf-test": "0.9.5",
            "nextflow": "25.04.7"
        }
    }
}