{
    "Kidney - BEDCOUNTS - stub": {
        "content": [
            {
                "0": [
                    [
                        {
                            "id": "GM12878",
                            "replicate": 1,
                            "epigenetic_mark": "WGBS",
                            "modality": "WGBS",
                            "paired_end": true,
                            "distribution": "BI"
                        },
                        "GM12878_WGBS.tab:md5,d41d8cd98f00b204e9800998ecf8427e"
                    ]
                ],
                "1": [
                    [
                        "CUSTOM_BEDCOUNTS",
                        "awk",
                        ""
                    ]
                ],
                "2": [
                    [
                        "CUSTOM_BEDCOUNTS",
                        "sort",
                        "sort (GNU coreutils) 8.30"
                    ]
                ],
                "countsbed": [
                    [
                        {
                            "id": "GM12878",
                            "replicate": 1,
                            "epigenetic_mark": "WGBS",
                            "modality": "WGBS",
                            "paired_end": true,
                            "distribution": "BI"
                        },
                        "GM12878_WGBS.tab:md5,d41d8cd98f00b204e9800998ecf8427e"
                    ]
                ],
                "versions_awk": [
                    [
                        "CUSTOM_BEDCOUNTS",
                        "awk",
                        ""
                    ]
                ],
                "versions_sort": [
                    [
                        "CUSTOM_BEDCOUNTS",
                        "sort",
                        "sort (GNU coreutils) 8.30"
                    ]
                ]
            }
        ],
        "timestamp": "2026-10-02T13:38:25.994573104",
        "meta": {
            "nf-test": "0.9.5",
            "nextflow": "25.04.7"
        }
    },
    "Kidney - BEDCOUNTS": {
        "content": [
            {
                "0": [
                    [
                        {
                            "id": "GM12878",
                            "replicate": 1,
                            "epigenetic_mark": "WGBS",
                            "modality": "WGBS",
                            "paired_end": true,
                            "distribution": "BI"
                        },
                        "GM12878_WGBS.tab:md5,b2a4cf14f91fec52c1df5a86ed0db158"
                    ]
                ],
                "1": [
                    [
                        "CUSTOM_BEDCOUNTS",
                        "awk",
                        ""
                    ]
                ],
                "2": [
                    [
                        "CUSTOM_BEDCOUNTS",
                        "sort",
                        "sort (GNU coreutils) 8.30"
                    ]
                ],
                "countsbed": [
                    [
                        {
                            "id": "GM12878",
                            "replicate": 1,
                            "epigenetic_mark": "WGBS",
                            "modality": "WGBS",
                            "paired_end": true,
                            "distribution": "BI"
                        },
                        "GM12878_WGBS.tab:md5,b2a4cf14f91fec52c1df5a86ed0db158"
                    ]
                ],
                "versions_awk": [
                    [
                        "CUSTOM_BEDCOUNTS",
                        "awk",
                        ""
                    ]
                ],
                "versions_sort": [
                    [
                        "CUSTOM_BEDCOUNTS",
                        "sort",
                        "sort (GNU coreutils) 8.30"
                    ]
                ]
            },
            {
                "versions_awk": [
                    [
                        "CUSTOM_BEDCOUNTS",
                        "awk",
                        ""
                    ]
                ],
                "versions_sort": [
                    [
                        "CUSTOM_BEDCOUNTS",
                        "sort",
                        "sort (GNU coreutils) 8.30"
                    ]
                ]
            }
        ],
        "timestamp": "2026-10-02T13:38:11.347728421",
        "meta": {
            "nf-test": "0.9.5",
            "nextflow": "25.04.7"
        }
    }
}